// Jest Snapshot v1, https://goo.gl/fbAQLP

exports[`user-utils formatYupError format yup error 1`] = `
Array [
  Object {
    "message": undefined,
    "path": "one",
  },
]
`;
